---------------------------------------------
PIC ASSEMBLER LISTING
Line    Address Opcode  Instruction
---------------------------------------------
0001    000000          ; Jose Ramos |  Student ID: 00299444
0002    000000          ; Lab: Chapter 3 Labs Part2
0003    000000          ; March 3 of 2019
0004    000000          
0005    000000          	REG0  EQU  0X00		; Creating label for the called REG0.
0006    000000          	
0007    000000  0EAA    	MOVLW 0XAA		; Copying the value 0XAA into WREG.
0008    000002  6E00    	MOVWF REG0		; Copying the value in WREG to REG0.
0009    000004  1E00    	COMF  REG0,F		; Using the instruction COMF on the REG0 and saving the result in REG0.
0010    000006          	
0011    000006  0003    	SLEEP 			; Going into standby mode.
0012    000008          	END			; Shutting down the PIC18.
0013    000008          
0014    000008          	; The COMF instruction returns the complent of the value in a register
0015    000008          	; Basically, it will convert 0's into 1 and 1's into 0. 
---------------------------------------------
Number of errors = 0
