---------------------------------------------
PIC ASSEMBLER LISTING
Line    Address Opcode  Instruction
---------------------------------------------
0001    000000          ; Jose Ramos |  Student ID: 00299444
0002    000000          ; Lab: Chapter 3 Labs Part1
0003    000000          ; Feb 26 of 2019
0004    000000          	
0005    000000          	REG0  EQU   0X00  ; Creating label for the called REG0 
0006    000000          
0007    000000  0EF0    	MOVLW 0XF0	  ; Copying the value 0X0F  
0008    000002  6CE8    	NEGF  WREG	  ; Using the intruction NEGF on REG0
0009    000004  6E00    	MOVWF REG0	  ; Copying the value in WREG to REG0
0010    000006          	
0011    000006  0003    	SLEEP 		  ; Going into standby mode 
0012    000008          	END		  ; Shutting down the PIC18
0013    000008          
0014    000008          	; The instruction NEGF is converting a value in a register to the
0015    000008          	; negative 
---------------------------------------------
Number of errors = 0
